Command finished with exit code 0.
Command output:
Starting: Intent { cmp=com.ivarna.truvalt/.presentation.MainActivity }
04-07 15:58:29.689  3926  6933 D WindowManager: NFW_setClientVisible:ActivityRecord{220020429 u0 com.ivarna.truvalt/.presentation.MainActivity clientVisible:true
04-07 15:58:29.691  3926  6933 D FlexibleTaskController: isSupportFlexibleWindow target = com.ivarna.truvalt/.presentation.MainActivity callPkg = FlexibleTaskController support = true ,caller = 3926
04-07 15:58:29.692  3926  4077 E QosSceneRecognizer[ActivityStartScene]: notifyActivityStart get launchedFromUid failed through AppManager! launchedFromPackage: com.android.shell, pkg: com.ivarna.truvalt
04-07 15:58:29.695  3926  6933 D FlexibleTaskController: isSupportFlexibleWindow target = com.ivarna.truvalt/.presentation.MainActivity callPkg = FlexibleTaskController support = true ,caller = 3926
04-07 15:58:29.695  3926  6933 D FlexibleWindowManagerService: no reused task found for ActivityRecord{220020429 u0 com.ivarna.truvalt/.presentation.MainActivity t-1}
04-07 15:58:29.701  3926  6933 D ActivityTaskManager: validateStartingWindowTheme:  Pkg=com.ivarna.truvalt, Translucent=false, Floating=false, ShowWallpaper=false, Disable=false, LaunchSource=4, Prev=null, LaunchedFromPackage=com.android.shell
04-07 15:58:29.701  3926  6933 D ActivityTaskManager: addStartingWindow for ActivityRecord{220020429 u0 com.ivarna.truvalt/.presentation.MainActivity t1283}, mainWin=null, state=INITIALIZING, isKeyguardLocked=false, isKeyguardGoingAway=false
04-07 15:58:29.702  3926  6933 D TaskOrganizerController: TaskOrganizerController.addStartingWindow: call wmshell to addStartingWindow:ActivityRecord{220020429 u0 com.ivarna.truvalt/.presentation.MainActivity t1283}
04-07 15:58:29.703  3926  6933 D OplusDexSceneManager:  High temp 402 with highTemperatureThreshold 380 pkg:com.ivarna.truvalt reason: extra-second-dex
04-07 15:58:29.704  3926  6933 D TaskFragmentExtImpl: shouldSetReadyFalse and resumedActivity: ActivityRecord{220020429 u0 com.ivarna.truvalt/.presentation.MainActivity t1283} prev: ActivityRecord{162744210 u0 com.termux.x11/.MainActivity t1261} resumedLaunchFromLauncher: false prevLaunchFromApp: true transitionType: 1
04-07 15:58:29.704  3926  6281 I [UAH_CLIENT]: UahEventAcquire, cmdid:1, pkg:com.ivarna.truvalt, identity:com.android.server.wm
04-07 15:58:29.707  7027  7123 D WindowManager: Add to mViews: android.widget.FrameLayout{f27a55a V.E...... ......I. 0,0-0,0 alpha=1.0 viewInfo = },pkg= com.ivarna.truvalt
04-07 15:58:29.710  3926  6933 D ActivityTaskManager: notifyTaskRemoved, task: Task{8cd71d3 #1282 type=standard A=10532:com.ivarna.truvalt} trace:com.android.server.wm.RecentTasks.removeForAddTask:1888 com.android.server.wm.RecentTasks.add:1377 com.android.server.wm.ActivityStarter.startActivityInner:3031 com.android.server.wm.ActivityStarter.startActivityUnchecked:2166 com.android.server.wm.ActivityStarter.executeRequest:1916 
04-07 15:58:29.710  3926  6933 D ActivityTaskManager: notifyTaskAdded, task: Task{45c2a93 #1283 type=standard A=10532:com.ivarna.truvalt} trace:com.android.server.wm.RecentTasks.add:1392 com.android.server.wm.ActivityStarter.startActivityInner:3031 com.android.server.wm.ActivityStarter.startActivityUnchecked:2166 com.android.server.wm.ActivityStarter.executeRequest:1916 com.android.server.wm.ActivityStarter.execute:1004 
04-07 15:58:29.711  7027  7087 V WindowManagerShell: Transition requested (#4968): android.os.BinderProxy@7a10080 TransitionRequestInfo { type = OPEN, triggerTask = TaskInfo{userId=0 taskId=1283 effectiveUid=10532 displayId=0 isRunning=true baseIntent=Intent { flg=0x10000000 cmp=com.ivarna.truvalt/.presentation.MainActivity mCallingUid=2000 } baseActivity=ComponentInfo{com.ivarna.truvalt/com.ivarna.truvalt.presentation.MainActivity} topActivity=ComponentInfo{com.ivarna.truvalt/com.ivarna.truvalt.presentation.MainActivity} origActivity=null realActivity=ComponentInfo{com.ivarna.truvalt/com.ivarna.truvalt.presentation.MainActivity}
04-07 15:58:29.711  7027  7087 V WindowManagerShell:  topActivityInfo=ActivityInfo{324afe com.ivarna.truvalt.presentation.MainActivity} launchCookies=[] positionInParent=Point(0, 0) parentTaskId=-1 isFocused=false isVisible=false isVisibleRequested=false isTopActivityNoDisplay=false isSleeping=false locusId=null displayAreaFeatureId=1 isTopActivityTransparent=false isActivityStackTransparent=false lastNonFullscreenBounds=Rect(314, 762 - 950, 2026) capturedLink=null capturedLinkTimestamp=0 requestedVisibleTypes=-9 topActivityRequestOpenInBrowserEducationTimestamp=0
04-07 15:58:29.711  3926  6933 D osense.compress: notifyActivityLaunched pkgName = com.ivarna.truvalt, userId = 0
04-07 15:58:29.711  3926  6933 I ActivityTaskManager: START u0 {flg=0x10000000 xflg=0x5 cmp=com.ivarna.truvalt/.presentation.MainActivity mCallingUid=2000} with LAUNCH_MULTIPLE from uid 2000 (BAL_ALLOW_PERMISSION (START_ACTIVITIES_FROM_BACKGROUND permission granted)) result code=0
04-07 15:58:29.713  3926  7575 I AppSnapshotController: attachStartingWindow, win = Window{2c1e694 u0 Splash Screen com.ivarna.truvalt}, shouldAppSnapshot = false
04-07 15:58:29.713  3926  7575 D ActivityTaskManager: attachStartingWindow: mStartingData=SplashScreenStartingData{bc0b132 removeAfterTransaction= 0}, mAssociatedTask=null, mStartingWindow=Window{2c1e694 u0 Splash Screen com.ivarna.truvalt}
04-07 15:58:29.713  3926  7575 I WindowManager: addWindow: New client android.os.BinderProxy@a957ae7 : window=Window{2c1e694 u0 Splash Screen com.ivarna.truvalt}
04-07 15:58:29.716  7308 16326 I iopgp   : Iopgp: TRANSACTION_IOPGP_PRELOAD Sequence_id = 243 pkg_name = com.ivarna.truvalt uid = 10532 size = 1 isProfile = 1
04-07 15:58:29.716  7027  7123 D ViewRootImplExtImpl: wrapConfigInfoIntoFlags rotation=0, smallestScreenWidthDp=0, residentWS=false, scenario=0, bounds=Rect(0, 0 - 1264, 2780), relayoutAsync=false, flags=0, newFlags=1457520640, title=Splash Screen com.ivarna.truvalt
04-07 15:58:29.717  3926  7225 V WindowManager: Relayout Window{2c1e694 u0 Splash Screen com.ivarna.truvalt}: viewVisibility=0, oldvis=0, req=1264x2780 , apr = 0, vsysui=, x=0, y=0
04-07 15:58:29.717  3926  7225 I WindowManager: Window{2c1e694 u0 Splash Screen com.ivarna.truvalt} state from NO_SURFACE to DRAW_PENDING; reason: resetDrawState
04-07 15:58:29.720  3926 21562 D OplusDexSceneManager:  High temp 402 with highTemperatureThreshold 380 pkg:com.ivarna.truvalt reason: extra-second-dex
04-07 15:58:29.720  3926 21562 I AppsFilter: interaction: PackageSetting{e6e223b com.taskstack.taskstack/10475} -> PackageSetting{620d800 com.ivarna.truvalt/10532} BLOCKED
04-07 15:58:29.720  3926 21562 I AppsFilter: interaction: PackageSetting{ef59eb1 com.android.microdroid.empty_payload/10302} -> PackageSetting{620d800 com.ivarna.truvalt/10532} BLOCKED
04-07 15:58:29.720  3926 21562 I AppsFilter: interaction: PackageSetting{2d4af96 com.towerdefense.android/10523} -> PackageSetting{620d800 com.ivarna.truvalt/10532} BLOCKED
04-07 15:58:29.720  3926 21562 I AppsFilter: interaction: PackageSetting{612a717 com.oplus.locationproxy/10200} -> PackageSetting{620d800 com.ivarna.truvalt/10532} BLOCKED
04-07 15:58:29.720  3926 21562 I AppsFilter: interaction: PackageSetting{7a45704 com.android.certinstaller/10244} -> PackageSetting{620d800 com.ivarna.truvalt/10532} BLOCKED
04-07 15:58:29.720  3926 21562 I AppsFilter: interaction: PackageSetting{49474ed com.oplus.location/10261} -> PackageSetting{620d800 com.ivarna.truvalt/10532} BLOCKED
04-07 15:58:29.720  3926 21562 I AppsFilter: interaction: PackageSetting{b242f22 com.termux.x11/10389} -> PackageSetting{620d800 com.ivarna.truvalt/10532} BLOCKED
04-07 15:58:29.721  3926 21562 I OplusHansManager : front pkg: com.ivarna.truvalt, uid: 10532, prev pkg: com.termux.x11, prev uid: 10389
04-07 15:58:29.721  3926  6281 I [UAH_CLIENT]: UahEventAcquire, cmdid:1, pkg:com.ivarna.truvalt, identity:com.android.server.wm
04-07 15:58:29.721  3926 21562 D ActivityTaskManager: setAppVisibility(Token{e91ad0 ActivityRecord{220020429 u0 com.ivarna.truvalt/.presentation.MainActivity t1283}}, visible=true):  visible=false mVisibleRequested=false
04-07 15:58:29.721  3926 21562 D ActivityTaskManager: setVisibility(Token{e91ad0 ActivityRecord{220020429 u0 com.ivarna.truvalt/.presentation.MainActivity t1283}}, visible=true) defer commitVisibility for transition collecting
04-07 15:58:29.721  3926 21562 D OplusDexSceneManager:  High temp 402 with highTemperatureThreshold 380 pkg:com.ivarna.truvalt reason: extra-second-dex
04-07 15:58:29.722  3926  6281 I [UAH_CLIENT]: UahEventAcquire, cmdid:1, pkg:com.ivarna.truvalt, identity:com.android.server.wm
04-07 15:58:29.722  7027  7123 I SurfaceControl:  setExtendedRangeBrightness sc=Surface(name=Splash Screen com.ivarna.truvalt)/@0x2e4190a,currentBufferRatio=1.0,desiredRatio=1.0
04-07 15:58:29.726  3926  7225 D WindowManager: onSyncFinishedDrawing: Window{2c1e694 u0 Splash Screen com.ivarna.truvalt}
04-07 15:58:29.726  3926  7225 I WindowManager: finishDrawing skipLayout:false,syncSeqId=0,mPrepareSyncSeqId=0 Window{2c1e694 u0 Splash Screen com.ivarna.truvalt} com.android.server.wm.WindowManagerService.finishDrawingWindow:3217 com.android.server.wm.Session.finishDrawing:399 android.view.IWindowSession$Stub.onTransact:793 
04-07 15:58:29.726  3926  7225 I WindowManager: Window{2c1e694 u0 Splash Screen com.ivarna.truvalt} state from DRAW_PENDING to COMMIT_DRAW_PENDING; reason: finishDrawingLocked
04-07 15:58:29.726  3926  4069 I WindowManager: Window{2c1e694 u0 Splash Screen com.ivarna.truvalt} state from COMMIT_DRAW_PENDING to READY_TO_SHOW; reason: commitFinishDrawingLocked
04-07 15:58:29.727  3926  6882 I Osense-BaseDecisionMaker: notifySceneToAthenaPolicy: SCENE_APP_SWITCH, bundle: Bundle[{prevPkgName=com.termux.x11, curUid=10532, isGame=false, curPkgName=com.ivarna.truvalt, prevUid=10389}]
04-07 15:58:29.727  3926  4069 D ActivityTaskManager: commitVisibility: ActivityRecord{220020429 u0 com.ivarna.truvalt/.presentation.MainActivity t1283}: visible=true visibleRequested=true, isInTransition=true 
04-07 15:58:29.727  3926  4069 I WindowManager: Window{2c1e694 u0 Splash Screen com.ivarna.truvalt} state from READY_TO_SHOW to HAS_DRAWN; reason: performShowLocked
04-07 15:58:29.728  3926  4069 I WindowStateExtImpl: onSurfaceShowChange show = true mPackageName = com.ivarna.truvalt parentPkgName = com.ivarna.truvalt
04-07 15:58:29.728  3926  4069 D Transition: collectOrderChanges onTopTasksEnd: [Task{45c2a93 #1283 type=standard A=10532:com.ivarna.truvalt}], reportedOnTop:null, mOnTopTasksStart: [Task{45c2a93 #1283 type=standard A=10532:com.ivarna.truvalt}], TDA child: [Task{1437ed7 #2 type=undefined}, Task{2b04336 #1276 type=standard A=10376:org.mozilla.fenix}, Task{fbeeedc #1281 type=standard A=1000:com.android.settings.root}, Task{7c7e062 #794 type=recents I=com.android.launcher/com.android.quickstep.RecentsActivity}, Task{4aa5135 #1 type=home}, Task{5d64560 #1261 type=standard A=10389:.MainActivity}, Task{45c2a93 #1283 type=standard A=10532:com.ivarna.truvalt}]
04-07 15:58:29.728  3926  4069 D OplusFlexibleActivityTransitionManager: fixTransitType type result:1, targets: [ChangeInfo{944ae7e container=Task{45c2a93 #1283 type=standard A=10532:com.ivarna.truvalt} flags=0x10}, ChangeInfo{2dcdfdf container=Task{5d64560 #1261 type=standard A=10389:.MainActivity} flags=0x10}]
04-07 15:58:29.729  3926  7259 I OPM-Process: resume pkg: com.ivarna.truvalt, uid:10532, prev pkg: com.termux.x11, prev uid: 10389
04-07 15:58:29.730  3926  4069 D OplusTransitionController: onTransactionReady, transition: 4968, info: {id=4968 t=OPEN f=0x0 trk=0 r=[0@Point(0, 0)] c=[{WCT{RemoteToken{bada571 Task{45c2a93 #1283 type=standard A=10532:com.ivarna.truvalt}}} m=OPEN f=NONE leash=Surface(name=Task=1283)/@0x83e0ef5 sb=Rect(0, 0 - 1264, 2780) eb=Rect(0, 0 - 1264, 2780) epz=Point(1264, 2780) d=0 taskParent=-1},{WCT{RemoteToken{ab301a7 Task{5d64560 #1261 type=standard A=10389:.MainActivity}}} m=TO_BACK f=NONE leash=Surface(name=Task=1261)/@0xb4a9a66 sb=Rect(0, 0 - 1264, 2780) eb=Rect(0, 0 - 1264, 2780) epz=Point(1264, 2780) d=0 taskParent=-1}] 
04-07 15:58:29.730  3926  4069 D OplusTransitionController: , mNeedCanvasExitAnim=false, mMergeSecondTaskAnimation=false, mIsLaunchUnityStart=false, mIsLaunchFromAssistantByDefault=false, mSkipRemoteTransitionfalse, mIsStartFromKeyguard=false flags=0x0, mWCT=null, mIsOpenMergeToInValidPredictive=false, mPromoteTaskWhenKeyguard-1, mRootLayerZOrderArray={}}]}, targets : [ChangeInfo{944ae7e container=Task{45c2a93 #1283 type=standard A=10532:com.ivarna.truvalt} flags=0x10}, ChangeInfo{2dcdfdf container=Task{5d64560 #1261 type=standard A=10389:.MainActivity} flags=0x10}], participants: {Task{45c2a93 #1283 type=standard A=10532:com.ivarna.truvalt}, ActivityRecord{162744210 u0 com.termux.x11/.MainActivity t1261}, ActivityRecord{220020429 u0 com.ivarna.truvalt/.presentation.MainActivity t1283}}
04-07 15:58:29.735  3926  4083 I ActivityManager: Start proc 29500:com.ivarna.truvalt/u0a532 for next-top-activity {com.ivarna.truvalt/com.ivarna.truvalt.presentation.MainActivity}
04-07 15:58:29.738  2360  2360 E qspmHal : setAppInfoH atPid = 29500, gpuFname:com.ivarna.truvalt, gpuFver:21
04-07 15:58:29.741  3926  4065 V WindowManager: Sent Transition (#4968) createdAt=04-07 15:58:29.692 via request=TransitionRequestInfo { type = OPEN, triggerTask = TaskInfo{userId=0 taskId=1283 effectiveUid=10532 displayId=0 isRunning=true baseIntent=Intent { flg=0x10000000 cmp=com.ivarna.truvalt/.presentation.MainActivity mCallingUid=2000 } baseActivity=ComponentInfo{com.ivarna.truvalt/com.ivarna.truvalt.presentation.MainActivity} topActivity=ComponentInfo{com.ivarna.truvalt/com.ivarna.truvalt.presentation.MainActivity} origActivity=null realActivity=ComponentInfo{com.ivarna.truvalt/com.ivarna.truvalt.presentation.MainActivity}
04-07 15:58:29.741  3926  4065 V WindowManager:  numActivities=1 lastActiveTime=475856443 supportsSplitScreenMultiWindow=true supportsMultiWindow=true supportsPocketStudioMultiWindow=true isInFlexibleEmbedded = false uid = 10532 pid = 0 resizeMode=1 isResizeable=true minWidth=-1 minHeight=-1 defaultMinSize=220 token=WCT{RemoteToken{bada571 Task{45c2a93 #1283 type=standard A=10532:com.ivarna.truvalt}}} topActivityType=1 pictureInPictureParams=null shouldDockBigOverlays=false launchIntoPipHostTaskId=-1 lastParentTaskIdBeforePip=-1 displayCutoutSafeInsets=Rect(0, 140 - 0, 0)
04-07 15:58:29.741  3926  4065 V WindowManager:  topActivityInfo=ActivityInfo{86e3719 com.ivarna.truvalt.presentation.MainActivity} launchCookies=[] positionInParent=Point(0, 0) parentTaskId=-1 isFocused=false isVisible=false isVisibleRequested=false isTopActivityNoDisplay=false isSleeping=false locusId=null displayAreaFeatureId=1 isTopActivityTransparent=false isActivityStackTransparent=false lastNonFullscreenBounds=Rect(314, 762 - 950, 2026) capturedLink=null capturedLinkTimestamp=0 requestedVisibleTypes=-9 topActivityRequestOpenInBrowserEducationTimestamp=0
04-07 15:58:29.741  3926  4065 V WindowManager:  mOplusExtraBundle = Bundle[{androidx.flexible.taskFrame=Rect(0, 0 - 0, 0), androidx.flexible.Alpha=1.0, androidx.activity.task.attach.blur=0, androidx.activity.LaunchInsensible=0, androidx.activity.LaunchCornerRadius=0, key_flexible_task_state=0, topActivitySupportAppInnerSplit=false, key_flexible_task_animating_type=-1, key_flexible_task_root_activity_processname=com.ivarna.truvalt, androidx.activity.LaunchScenario=0, is_oplus_clone_task=false, flexible_super_mini_state=false, topRunningActivityHash=220020429, androidx.activity.LaunchScale=1.0, androidx.activity.LaunchShadowRadius=0, is_transient_hide_for_task_info=false, key_flexible_task_root_activity_pid=0, key_flexible_task_root_activity_uid=10532}]}, pipChange = null, remoteTransition = null, displayChange = null, flags = 0, debugId = 4968 }
04-07 15:58:29.741  3926  4069 D FlexibleWindowManagerService: should not dispatch appeared task Task{45c2a93 #1283 type=standard A=10532:com.ivarna.truvalt}
04-07 15:58:29.741  3926  4065 V WindowManager:         {WCT{RemoteToken{bada571 Task{45c2a93 #1283 type=standard A=10532:com.ivarna.truvalt}}} m=OPEN f=NONE leash=Surface(name=Task=1283)/@0x83e0ef5 sb=Rect(0, 0 - 1264, 2780) eb=Rect(0, 0 - 1264, 2780) epz=Point(1264, 2780) d=0 taskParent=-1},
04-07 15:58:29.744  3926  8582 I OStatsManager_OplusBatteryStatsManager: updateStateTime: PkgName = com.ivarna.truvalt, uid = 10532, state to bg, mForegroundCnt = 0, isFg = false
04-07 15:58:29.746  3926  4745 I MemoryOperationUtils: add 29500 to com.ivarna.truvalt
04-07 15:58:29.747  3926  7575 D Transition: finishTransition ar ActivityRecord{162744210 u0 com.termux.x11/.MainActivity t1261}, isVisibleRequested=false, state=PAUSED, visibleAtTransitionEndTokens={ActivityRecord{220020429 u0 com.ivarna.truvalt/.presentation.MainActivity t1283}}, this=TransitionRecord{49c788c id=4968 track=0 type=OPEN flags=0x0 state=2 c=[
04-07 15:58:29.747  3926  7575 D Transition:    ChangeInfo{944ae7e container=Task{45c2a93 #1283 type=standard A=10532:com.ivarna.truvalt} flags=0x10}
04-07 15:58:29.747  3926  7575 D Transition:    ChangeInfo{e8832db container=ActivityRecord{220020429 u0 com.ivarna.truvalt/.presentation.MainActivity t1283} flags=0x0}
04-07 15:58:29.748  3926  7575 D Transition: finishTransition ar ActivityRecord{220020429 u0 com.ivarna.truvalt/.presentation.MainActivity t1283}, isVisibleRequested=true, state=INITIALIZING, visibleAtTransitionEndTokens={ActivityRecord{220020429 u0 com.ivarna.truvalt/.presentation.MainActivity t1283}}, this=TransitionRecord{49c788c id=4968 track=0 type=OPEN flags=0x0 state=2 c=[
04-07 15:58:29.748  3926  7575 D Transition:    ChangeInfo{944ae7e container=Task{45c2a93 #1283 type=standard A=10532:com.ivarna.truvalt} flags=0x10}
04-07 15:58:29.748  3926  7575 D Transition:    ChangeInfo{e8832db container=ActivityRecord{220020429 u0 com.ivarna.truvalt/.presentation.MainActivity t1283} flags=0x0}
04-07 15:58:29.748  3926  7575 D OplusTransitionController:    ChangeInfo{944ae7e container=Task{45c2a93 #1283 type=standard A=10532:com.ivarna.truvalt} flags=0x10}
04-07 15:58:29.748  3926  7575 D OplusTransitionController:    ChangeInfo{e8832db container=ActivityRecord{220020429 u0 com.ivarna.truvalt/.presentation.MainActivity t1283} flags=0x0}
04-07 15:58:29.748  3926  7575 D FlexibleTaskTransitionController:    ChangeInfo{944ae7e container=Task{45c2a93 #1283 type=standard A=10532:com.ivarna.truvalt} flags=0x10}
04-07 15:58:29.748  3926  7575 D FlexibleTaskTransitionController:    ChangeInfo{e8832db container=ActivityRecord{220020429 u0 com.ivarna.truvalt/.presentation.MainActivity t1283} flags=0x0}
04-07 15:58:29.750  3926  4069 D RefreshRate:     | COURSE[; Win preferred rateId=0, appReqFirst=false, data= RateData{} ;win name:Splash Screen com.ivarna.truvalt]
04-07 15:58:29.752  3926  7225 D ActivityTaskManager: after skip size:4,pre-Filtered:com.ivarna.truvalt # com.termux.x11 # com.android.settings # org.mozilla.fenix # 
04-07 15:58:29.753 24466 24496 W SQLiteLog: (28) double-quoted string literal: "com.ivarna.truvalt"
04-07 15:58:29.755  3926  4068 D WindowManager: BarWindow--setVisible: id=1, oldState=2, state=0, mFocuseWindow= Window{2c1e694 u0 Splash Screen com.ivarna.truvalt} call: 
04-07 15:58:29.756  3926  4068 D WindowManager: BarWindow--setVisible: id=2, oldState=2, state=0, mFocuseWindow= Window{2c1e694 u0 Splash Screen com.ivarna.truvalt} call: 
04-07 15:58:29.787  3926  7575 D SplitScreenAppReader: SPLIT_TOUCH support check:com.ivarna.truvalt = false
04-07 15:58:29.787  3926  7575 D ResourcesManagerCache: For package com.ivarna.truvalt we got cacheList [null] appInfoExt is null ? false hasFeature ? false
04-07 15:58:29.791  3926  7575 D ColorDisplayServiceExtImpl: getWCGVersion1App, packageName=com.ivarna.truvalt, sSupportWCG1 = true, sSupportWCG3 = false, nRet = 0
04-07 15:58:29.792  3926  4077 I UserAwareMgr: handleTopAppChanged: com.ivarna.truvalt, pid: 29500, uid: 10532
04-07 15:58:29.792  3926  7575 D ActivityTaskManager: onWindowFocusChanged Task{45c2a93 #1283 type=standard A=10532:com.ivarna.truvalt} would transfer to compact
04-07 15:58:29.792  3926  7575 D ActivityTaskManager: NFW_setLastResumedActivityUncheckLocked:true r:ActivityRecord{220020429 u0 com.ivarna.truvalt/.presentation.MainActivity t1283} currentFocus:null
04-07 15:58:29.792  3926  7575 D FlexibleTaskController: onTaskFocusChanged prevTask:Task{5d64560 #1261 type=standard A=10389:.MainActivity} ,currentTask:Task{45c2a93 #1283 type=standard A=10532:com.ivarna.truvalt}, reason: realStartActivityLocked - onActivityStateChanged
04-07 15:58:29.792  3926  7575 D OplusFlexibleDCSManager: onNextPkgChanged pkg = com.ivarna.truvalt
04-07 15:58:29.792  3926  6281 I [UAH_CLIENT]: UahEventAcquire, cmdid:0, pkg:com.ivarna.truvalt, identity:com.android.server.wm
04-07 15:58:29.792  3926  7575 I OplusAppSwitchManagerService: appswitch hasProcess ActivityRecord{220020429 u0 com.ivarna.truvalt/.presentation.MainActivity t1283}
04-07 15:58:29.793  3926  7575 I GameManagerServiceExt-GameManagerServiceExt: on FG change: com.termux.x11|com.ivarna.truvalt
04-07 15:58:29.793  3926  7575 I OplusAppSwitchManagerService: appswitch hasProcess ActivityRecord{220020429 u0 com.ivarna.truvalt/.presentation.MainActivity t1283}
04-07 15:58:29.795  7822  8236 W Battery : AppSwitchDetectorV2: OnAppSwitchObserver: onAppExit , info = OplusAppExitInfo = {  targetName = com.termux.x11 hasResumingActivity = true resumingPackageName = com.ivarna.truvalt resumingActivityName = com.ivarna.truvalt.presentation.MainActivity resumingWindowMode = 1 isResumingMultiApp = false isResumingFirstStart = true extension = Bundle[mParcelledData.dataSize=568]} lastReg=1775520601789
04-07 15:58:29.796  3926  7350 D OplusLatencyOptimizerManager: enter pkg: com.ivarna.truvalt isPrevBlackAppTop: false mIsBlackAppTop: false
04-07 15:58:29.796  3926  4248 D VRR [OPlusRefreshRateService]: handleFrontAppChange pkgName: com.ivarna.truvalt
04-07 15:58:29.796  6601 12814 V DCSEX-AppSwitchManager: OnAppSwitchObserver: onAppExit, resuming = com.ivarna.truvalt, target = com.termux.x11, is ResumingFirstStart =  true, is ResumingMultiApp =  false, extensionInfo =  Bundle[mParcelledData.dataSize=568]
04-07 15:58:29.798  7822  8236 W Battery : ThermalControlUtils: mForegroundPkg=com.ivarna.truvalt mLastWindowMode=1
04-07 15:58:29.798  7822  8236 W Battery : StateManager: getAppType com.ivarna.truvalt, last=1775557660009
04-07 15:58:29.798  7822  8236 W Battery : ThermalControllHandler: tempLevel=[7],userMode=1,gameUserMode=7,appType=-1,envTempType=0,appStates=[],appSwitchSafetyMode=false,split=[],float={com.ivarna.mkm},full=[com.ivarna.truvalt], tempGear=[7],configItemName=common_config
04-07 15:58:29.798  7822  8236 W Battery : StateManager: getAppType com.ivarna.truvalt, last=1775557660009
04-07 15:58:29.798  3926  7225 D OplusBatteryServiceFeature: setSmartCoolDown: coolDown = 2, normalCoolDown = 2, pkgName = com.ivarna.truvalt
04-07 15:58:29.799  6601 15562 D DCSEX-AppLaunchEventRecorder: onAppSwitch from = com.termux.x11 to = com.ivarna.truvalt
04-07 15:58:29.799  3926  4099 E OplusThermalStats: Error getting package info: com.ivarna.truvalt
04-07 15:58:29.804  2517  5949 D AudioFlingerExtImpl: AudioFlingerExtImpl oplusSetParameters: keyvalue onForegroundActivitiesChanged=com.ivarna.truvalt:foreground:1|10532:29500
04-07 15:58:29.804  2517  5949 D AudioFlingerExtImpl: updateForegroundInfo, mapInf mForegroundMap(2)|[com.ivarna.truvalt]=1|[com.termux.x11]=1, uidPidMapInf mForegroundUidPidMap(2)|[10532]=29500|[10389]=30755
04-07 15:58:29.804  3926  4246 D OplusAppSwitchListener: Detect com.ivarna.truvalt switch to foreground
04-07 15:58:29.805  3926  7350 D OplusEapManager: mTargetEnterName :com.ivarna.truvalt
04-07 15:58:29.806  6601 12814 V DCSEX-AppSwitchManager: OnAppSwitchObserver: onAppEnter, launchedFrom =  com.android.shell, target =  com.ivarna.truvalt, is firstStart =  true, is multiApp =  false, extensionInfo =  Bundle[mParcelledData.dataSize=956], launch_source_type =  , launch_source_traceid =  
04-07 15:58:29.807  7347  7481 I Athena  : AthenaDynamicReceiver: pre_app:com.termux.x11, next_app:com.ivarna.truvalt(10532|29500)
04-07 15:58:29.811  2196  2227 I statsd  : An anomaly (104240000001) (42)0x10000->10532[I] (42)0x20000->com.ivarna.truvalt[S] (42)0x30000->.presentation.MainActivity[S]  has occurred! Informing subscribers.
04-07 15:58:29.815  3926  8582 I OStatsManager_Calc: noteBeforePkgSwitch change = true, curTime = 475856526, com.ivarna.truvalt, fg = false
04-07 15:58:29.815  3926  8582 I OStatsManager_OplusBatteryStatsManager: updateStateTime: PkgName = com.ivarna.truvalt, uid = 10532, state to fg, mForegroundCnt = 1, isFg = true
04-07 15:58:29.815  3926  8582 I OStatsManager_OplusBatteryStatsManager: notePkgForeground [com.termux.x1110389, com.ivarna.truvalt10532], uid = 10532, pid = 29500, pkgName = com.ivarna.truvalt
04-07 15:58:29.817  8648 26589 I midasd  : app forground called:com.ivarna.truvalt
04-07 15:58:29.817 12144 12230 D SceneSDK.1.0.4-SNAPSHOT.12144.DeepThinkerAppSwitchAbility: onAppSwitchEvent: AppSwitchEvent(timeStamp=1775557709816, eventType=2, targetName=com.termux.x11, firstStart=false, multiApp=false, windowMode=0, resumingPackageName=com.ivarna.truvalt, resumingActivityName=com.ivarna.truvalt.presentation.MainActivity, isResumingMultiApp=false, isResumingFirstStart=true)
04-07 15:58:29.817 12144 12230 I metis_v2_AppSwitchDataCollector: AppExitEvent =  com.termux.x11, NextAppName = com.ivarna.truvalt [Metis|com.oplus.metis|2.0.20-aa39d14]
04-07 15:58:29.821  2196  2227 I statsd  : An anomaly (119840000001) (100198)0x10000->com.ivarna.truvalt[S] (100198)0x20000->10532[I]  has occurred! Informing subscribers.
04-07 15:58:29.822 12144 32668 D SceneSDK.1.0.4-SNAPSHOT.12144.DeepThinkerAppSwitchAbility: onAppSwitchEvent: AppSwitchEvent(timeStamp=1775557709816, eventType=2, targetName=com.termux.x11, firstStart=false, multiApp=false, windowMode=0, resumingPackageName=com.ivarna.truvalt, resumingActivityName=com.ivarna.truvalt.presentation.MainActivity, isResumingMultiApp=false, isResumingFirstStart=true)
04-07 15:58:29.822 12144 32668 I AppRecommend_AppRecommendAdapter: receive app recommend from AppSwitchEvent(eventId=2, switchInfo=AppSwitchInfo(targetName=com.termux.x11, firstStart=false, multiApp=false, windowMode=0, resumingPackageName=com.ivarna.truvalt, resumingActivityName=com.ivarna.truvalt.presentation.MainActivity, isResumingFirstStart=true, isResumingMultiApp=false))
04-07 15:58:29.822 12144 32668 D SceneSDK.1.0.4-SNAPSHOT.12144.DeepThinkerAppSwitchAbility: onAppSwitchEvent: AppSwitchEvent(timeStamp=1775557709816, eventType=1, targetName=com.ivarna.truvalt, firstStart=true, multiApp=false, windowMode=1, resumingPackageName=, resumingActivityName=, isResumingMultiApp=false, isResumingFirstStart=false)
04-07 15:58:29.822 12144 32668 I AppRecommend_AppRecommendAdapter: receive app recommend from AppSwitchEvent(eventId=1, switchInfo=AppSwitchInfo(targetName=com.ivarna.truvalt, firstStart=true, multiApp=false, windowMode=1, resumingPackageName=, resumingActivityName=, isResumingFirstStart=false, isResumingMultiApp=false))
04-07 15:58:29.822 12144 32668 D AppRecommend_AppRecommendAdapter: notify app active com.ivarna.truvalt and info [AppInfo[pkg=com.ivarna.truvalt, appType=0,iconSource=system, recallType=app_active_event, deepLink=0,utrackClickUrl=0, utrackExposeUrl=0,icon=0, apiSource=null, typeCode=null, mode=0, advFinalScore=null,  routePage=0,title=null, subTitle=null, adSize=null,probability=0]]
04-07 15:58:29.846 12144 12230 D SceneSDK.1.0.4-SNAPSHOT.12144.DeepThinkerAppSwitchAbility: onAppSwitchEvent: AppSwitchEvent(timeStamp=1775557709816, eventType=1, targetName=com.ivarna.truvalt, firstStart=true, multiApp=false, windowMode=1, resumingPackageName=, resumingActivityName=, isResumingMultiApp=false, isResumingFirstStart=false)
04-07 15:58:29.846 12144 12230 I metis_v2_AppSwitchDataCollector: AppEnterEvent =  com.ivarna.truvalt, windowMode = 1,firstStart = true
04-07 15:58:29.846 12144 12230 W metis_v2_AppSwitchDataCollector: fenceKey = com.oplus.metis:TOP_APPLICATION, getExits = [], getEnters = [] packageName = com.ivarna.truvalt
04-07 15:58:29.847  3926  4248 D VRR [OPlusGameStatusManager]: updateGameAccelerationStatus pkgName: com.ivarna.truvalt mOSyncFeatureSwitch: false mIsGamePolicy: false mHeartStop: false mHasFlickerRisk: false mForceAcceleration: false mToastReady: false enable: false
04-07 15:58:30.278 29500 29500 D nativeloader: Configuring clns-9 for other apk /data/app/~~CsAB9ZiFc6Xh_kc7fZrutg==/com.ivarna.truvalt-tQnq5FVt0S7zBa5u-hiF_g==/base.apk. target_sdk_version=36, uses_libraries=, library_path=/data/app/~~CsAB9ZiFc6Xh_kc7fZrutg==/com.ivarna.truvalt-tQnq5FVt0S7zBa5u-hiF_g==/lib/arm64:/data/app/~~CsAB9ZiFc6Xh_kc7fZrutg==/com.ivarna.truvalt-tQnq5FVt0S7zBa5u-hiF_g==/base.apk!/lib/arm64-v8a, permitted_path=/data:/mnt/expand:/data/user/0/com.ivarna.truvalt
04-07 15:58:30.283 29500 29500 V GraphicsEnvironment: com.ivarna.truvalt is not listed in per-application setting
04-07 15:58:30.283 29500 29500 V GraphicsEnvironment: com.ivarna.truvalt is not listed in ANGLE allowlist or settings, returning default
04-07 15:58:30.308 29500 29561 I AdrenoGLES-0: Process Name                     : com.ivarna.truvalt
04-07 15:58:30.313  2360  2360 I qspmHal : gpuProfName:com.ivarna.truvalt-gpu - gpu prof_info.path:/data/vendor/gaming/com.ivarna.truvalt-gpu
04-07 15:58:30.318 29500 29561 D PreCache: [IPreCacheRus]loadRUSConfigs#102 failed to transact: -22 prc:com.ivarna.truvalt
04-07 15:58:30.331 29500 29500 D OplusPredictiveBackController: should not HookOnBackInvokedCallbackEnabled for application com.ivarna.truvalt.presentation.MainActivity@309f42f sdk: 36
04-07 15:58:30.331 29500 29500 D OplusPredictiveBackController: initPredictiveBackConfig for com.ivarna.truvalt.presentation.MainActivity@309f42f initPredictiveBackConfig mShouldInterceptKeyEvent false
04-07 15:58:30.331 29500 29500 D OplusPredictiveBackController: should not HookOnBackInvokedCallbackEnabled for application com.ivarna.truvalt.presentation.MainActivity@309f42f sdk: 36
04-07 15:58:30.350 29500 29500 D ActivityThread: ComponentInfo{com.ivarna.truvalt/com.ivarna.truvalt.presentation.MainActivity} checkFinished=false 2
04-07 15:58:30.356 29500 29500 D WindowManager: Add to mViews: com.android.internal.policy.DecorView{bd4fd85 I.E...... R.....ID 0,0-0,0 alpha=1.0 viewInfo = }[MainActivity],pkg= com.ivarna.truvalt
04-07 15:58:30.362  3926  6933 I WindowManager: addWindow: New client android.os.BinderProxy@6f4d342 : window=Window{5a83f53 u0 com.ivarna.truvalt/com.ivarna.truvalt.presentation.MainActivity}
04-07 15:58:30.367  3926  6933 D CoreBackPreview: Window{5a83f53 u0 com.ivarna.truvalt/com.ivarna.truvalt.presentation.MainActivity}: Setting back callback OnBackInvokedCallbackInfo{mCallback=android.window.IOnBackInvokedCallback$Stub$Proxy@cc405bc, mPriority=-1, mIsAnimationCallback=false, mOverrideBehavior=0}
04-07 15:58:30.630 29500 29500 D OplusPredictiveBackController: should not HookOnBackInvokedCallbackEnabled for application com.ivarna.truvalt.presentation.MainActivity@309f42f sdk: 36
04-07 15:58:30.640 29500 29500 D ViewRootImplExtImpl: wrapConfigInfoIntoFlags rotation=0, smallestScreenWidthDp=0, residentWS=false, scenario=0, bounds=Rect(0, 0 - 1264, 2780), relayoutAsync=false, flags=0, newFlags=1457520640, title=com.ivarna.truvalt/com.ivarna.truvalt.presentation.MainActivity
04-07 15:58:30.640  3926  7575 V WindowManager: Relayout Window{5a83f53 u0 com.ivarna.truvalt/com.ivarna.truvalt.presentation.MainActivity}: viewVisibility=0, oldvis=4, req=1264x2780 , apr = 0, vsysui=, x=0, y=0
04-07 15:58:30.641  3926  7575 I WindowManager: Window{5a83f53 u0 com.ivarna.truvalt/com.ivarna.truvalt.presentation.MainActivity} state from NO_SURFACE to DRAW_PENDING; reason: resetDrawState
04-07 15:58:30.644  3926  7575 D WindowManager: NFW_findFocusedWindowIfNeeded:Window{5a83f53 u0 com.ivarna.truvalt/com.ivarna.truvalt.presentation.MainActivity} mCurrentFocus:null
04-07 15:58:30.644  3926  7575 V WindowManager: Changing focus from null to Window{5a83f53 u0 com.ivarna.truvalt/com.ivarna.truvalt.presentation.MainActivity},diplayid=0
04-07 15:58:30.652 29500 29500 I SurfaceControl:  setExtendedRangeBrightness sc=Surface(name=com.ivarna.truvalt/com.ivarna.truvalt.presentation.MainActivity)/@0x3e49729,currentBufferRatio=1.0,desiredRatio=1.0
04-07 15:58:30.654  3926  4069 D SurfaceComposerClient: Transaction::apply InputWindowCommands.focusRequests timestamp=381320812912972, windowName=5a83f53 com.ivarna.truvalt/com.ivarna.truvalt.presentation.MainActivity
04-07 15:58:30.662  3926  6933 I WindowManager: Window{5a83f53 u0 com.ivarna.truvalt/com.ivarna.truvalt.presentation.MainActivity} state from DRAW_PENDING to COMMIT_DRAW_PENDING; reason: finishDrawingLocked
04-07 15:58:30.664  3926  4069 I WindowManager: Window{5a83f53 u0 com.ivarna.truvalt/com.ivarna.truvalt.presentation.MainActivity} state from COMMIT_DRAW_PENDING to READY_TO_SHOW; reason: commitFinishDrawingLocked
04-07 15:58:30.664  3926  4069 D ActivityTaskManager: Finish StartingWindow: ActivityRecord{220020429 u0 com.ivarna.truvalt/.presentation.MainActivity t1283}first real window is shown
04-07 15:58:30.664  3926  4069 D ActivityTaskManager: removeStartingWindowAnimation starting ActivityRecord{220020429 u0 com.ivarna.truvalt/.presentation.MainActivity t1283} startingWindow=null ,startingView=com.android.server.wm.StartingSurfaceController$StartingSurface@4217ae0,Callers=com.android.server.wm.ActivityRecord.removeStartingWindow:3386 com.android.server.wm.ActivityRecord.onFirstWindowDrawn:8055 com.android.server.wm.WindowState.performShowLocked:4933 com.android.server.wm.WindowStateAnimator.commitFinishDrawingLocked:403 com.android.server.wm.DisplayContent.lambda$new$8:1154 
04-07 15:58:30.665  3926  4069 D OplusStartingWindowManager: interceptRemoveStartingWindow: packageName=com.ivarna.truvalt,  componentName=com.ivarna.truvalt/.presentation.MainActivity, isSnapshot=false, startingSurfaceRunnable=null, isDrawCompleted=false, hasSurfaceView=false, inTransition=false
04-07 15:58:30.665  3926  4069 D OplusSplitScreenDnDUI: notifyRemoveStartingWindow isSpitScreenDrag = false mDropTargetSurface = null StartingWindowpkgName = com.ivarna.truvalt DragPkg = null isLauncherResume = false
04-07 15:58:30.665  3926  4069 D OplusStartingWindowManager: interceptRemoveStartingWindow: hasSplashWindowFlag() return false for activity=ActivityRecord{220020429 u0 com.ivarna.truvalt/.presentation.MainActivity t1283}
04-07 15:58:30.665  2535  3241 D SurfaceFlinger: updateWinowInfo=1, setFocusedWindow timestamp=381320812912972, windowName=5a83f53 com.ivarna.truvalt/com.ivarna.truvalt.presentation.MainActivity
04-07 15:58:30.665  3926  7575 I InputDispatcher: NFW_setFocusedWindow, 5a83f53 com.ivarna.truvalt/com.ivarna.truvalt.presentation.MainActivity on display 0, same as the previous:0
04-07 15:58:30.667  3926  4069 D TaskOrganizerController: TaskOrganizerController.removeStartingWindow: call wmshell to removeStartingWindow Task{45c2a93 #1283 type=standard A=10532:com.ivarna.truvalt}null
04-07 15:58:30.668  3926  4069 I Quality : LaunchTime2.0: com.ivarna.truvalt/.presentation.MainActivity 1 957 com.android.shell 39 101
04-07 15:58:30.669  3926  4069 D QuickBackInputPolicy: setAppLaunchEndTime update timePair=Pair{ActivityRecord{220020429 u0 com.ivarna.truvalt/.presentation.MainActivity t1283} 381320835}
04-07 15:58:30.669  3926  4069 I WindowManager: Window{5a83f53 u0 com.ivarna.truvalt/com.ivarna.truvalt.presentation.MainActivity} state from READY_TO_SHOW to HAS_DRAWN; reason: performShowLocked
04-07 15:58:30.672  3926  4065 I ActivityTaskManager: Displayed com.ivarna.truvalt/.presentation.MainActivity for user 0: +980ms
04-07 15:58:30.673  2196  2227 I statsd  : An anomaly (104840000001) (48)0x10000->10532[I] (48)0x20000->com.ivarna.truvalt[S] (48)0x30000->3[I]  has occurred! Informing subscribers.
04-07 15:58:30.673  7027  7123 D ViewRootImplExtImpl: wrapConfigInfoIntoFlags rotation=0, smallestScreenWidthDp=0, residentWS=false, scenario=0, bounds=Rect(0, 0 - 1264, 2780), relayoutAsync=false, flags=0, newFlags=1457520640, title=Splash Screen com.ivarna.truvalt
04-07 15:58:30.675  3926  7575 V WindowManager: Relayout Window{2c1e694 u0 Splash Screen com.ivarna.truvalt}: viewVisibility=8, oldvis=0, req=1264x2780 , apr = 0, vsysui=
04-07 15:58:30.676  3926  7575 D WindowManager: NFW_findFocusedWindowIfNeeded:Window{5a83f53 u0 com.ivarna.truvalt/com.ivarna.truvalt.presentation.MainActivity} mCurrentFocus:Window{5a83f53 u0 com.ivarna.truvalt/com.ivarna.truvalt.presentation.MainActivity}
04-07 15:58:30.678  3926  7575 I InputDispatcher: updateFocusedWindow, 5a83f53 com.ivarna.truvalt/com.ivarna.truvalt.presentation.MainActivity on display 0, reason: Window became focusable. Previous reason: NOT_VISIBLE, result:   FocusedWindows:
04-07 15:58:30.678  3926  7575 I InputDispatcher:     displayId=0, name='5a83f53 com.ivarna.truvalt/com.ivarna.truvalt.presentation.MainActivity'
04-07 15:58:30.679  3926  7575 D WindowManager: NFW_findFocusedWindowIfNeeded:Window{5a83f53 u0 com.ivarna.truvalt/com.ivarna.truvalt.presentation.MainActivity} mCurrentFocus:Window{5a83f53 u0 com.ivarna.truvalt/com.ivarna.truvalt.presentation.MainActivity}
04-07 15:58:30.687  3926  4070 D SurfaceAnimationRunner: onAnimationStart:Surface(name=Surface(name=2c1e694 Splash Screen com.ivarna.truvalt)/@0xe8b695b - animation-leash of window_animation)/@0x2d7c5f8
04-07 15:58:30.687  3926  4070 D SurfaceAnimationRunner: onAnimationEnd:Surface(name=Surface(name=2c1e694 Splash Screen com.ivarna.truvalt)/@0xe8b695b - animation-leash of window_animation)/@0x2d7c5f8
04-07 15:58:30.687  3926  4069 I WindowStateExtImpl: onSurfaceShowChange show = false mPackageName = com.ivarna.truvalt parentPkgName = com.ivarna.truvalt
04-07 15:58:30.687  3926  4069 I WindowManager: Window{2c1e694 u0 Splash Screen com.ivarna.truvalt EXITING} state from HAS_DRAWN to NO_SURFACE; reason: destroySurface
04-07 15:58:30.701  3926  8582 I OStatsManager_Calc: add screen power pkgName = com.ivarna.truvalt, uid = 10532, power = 187.25922000408173, is Fg = true, fore size = 2, mScale = 1.0
04-07 15:58:30.701  3926  8582 I OStatsManager_OplusBatteryStatsManager: notePkgBackground [com.ivarna.truvalt10532], uid = 10389, pid = 30755, pkgName = com.termux.x11
04-07 15:58:30.702 29500 29500 I DynamicFramerate [FRTCConfigManager]: FRTCConfigManager: FRTC_CAPABILITY = 360, package name = com.ivarna.truvalt, WINDOW_ANIMATION_SPEED_RATE = 10, SCROLL_ANIMATION_SPEED_RATE = 20, PACKAGE_ENABLE = false
04-07 15:58:30.702 29500 29500 I DynamicFramerate [DynamicFrameRateController]: init info: mPackageName = com.ivarna.truvalt, mIsEnabled = false
04-07 15:58:30.704  2517  5949 D AudioFlingerExtImpl: updateForegroundInfo, mapInf mForegroundMap(1)|[com.ivarna.truvalt]=1, uidPidMapInf mForegroundUidPidMap(1)|[10532]=29500
04-07 15:58:30.719  3926  4922 D InputMethodManagerService: isSecurity: attribute.packageName = com.ivarna.truvalt mCurMethodId = juloo.keyboard2/.Keyboard2 isSecurity = false ( enable = true needShow = false inBlackList = false isExist = true )
04-07 15:58:30.719  3926  4922 I ImeTracker: com.ivarna.truvalt:6b817b5c: onRequestHide at ORIGIN_SERVER reason HIDE_UNSPECIFIED_WINDOW fromUser false
04-07 15:58:30.725 29500 29500 I ImeTracker: com.ivarna.truvalt:6b817b5c: onCancelled at PHASE_CLIENT_ALREADY_HIDDEN
04-07 15:58:30.982  7378 10696 D ActivityAdapter: notifyActivityQuery: [com.ivarna.truvalt; com.ivarna.truvalt.presentation.MainActivity; 1; COMMON; 10532, com.ivarna.mkm; com.ivarna.mkm; 2; COMMON; 10427]
04-07 15:58:30.982  7378 10696 D OPlusFrontAppManager: useAdapterResult, pkg=com.ivarna.truvalt,activity=com.ivarna.truvalt.presentation.MainActivity,result=true
04-07 15:58:30.982  7378 10696 D OPlusFrontAppManager: decide -->> [com.ivarna.truvalt; com.ivarna.truvalt.presentation.MainActivity; 1; COMMON; 10532, com.ivarna.mkm; com.ivarna.mkm; 2; COMMON; 10427]
04-07 15:58:30.982  7378 10696 D ConferenceScene: pkg:com.ivarna.truvalt, activity:com.ivarna.truvalt.presentation.MainActivity, appSense:COMMON
04-07 15:58:30.983  7378  7378 D ExtremeCommService: updateAppInfo appInfoUnit: com.ivarna.truvalt, winMode:1
04-07 15:58:30.983  7378  7378 D SceneService: notifyAppSceneChanged original mode:{live:0,video:0,voice call:0,video call:0,live host:0,game:0,meeting:0,news:0,file transfer:0},appInfoUnit:[{pkgName:com.ivarna.truvalt,activityName:,winMode:1,event:COMMON,type:0,subEvent:0,pid:29500,uid:10532}, {pkgName:com.ivarna.mkm,activityName:,winMode:2,event:COMMON,type:0,subEvent:0,pid:21560,uid:10427}]
04-07 15:58:30.984  7378 10654 D Subsys-ScoreAppManager: appSceneChange fgAppUnits size 2 fgAppUnits [{pkgName:com.ivarna.truvalt,activityName:,winMode:1,event:COMMON,type:0,subEvent:0,pid:29500,uid:10532}, {pkgName:com.ivarna.mkm,activityName:,winMode:2,event:COMMON,type:0,subEvent:0,pid:21560,uid:10427}] mLastNetworkList[168]
04-07 15:58:30.987  3926  4068 D AppSenseClient: handleSenseEvent appInfoUnits: {pkgName:com.ivarna.truvalt,activityName:com.ivarna.truvalt.presentation.MainActivity,winMode:1,event:COMMON,type:0,subEvent:0,pid:29500,uid:10532},{pkgName:com.ivarna.mkm,activityName:com.ivarna.mkm,winMode:2,event:COMMON,type:0,subEvent:0,pid:21560,uid:10427},
04-07 15:58:30.987  3926  4068 D AppSenseClient: notifyAppEvent: pkgName: com.ivarna.truvalt,activityName:com.ivarna.truvalt.presentation.MainActivity;state: 1;event: COMMON;type: 0;subEvent: 0;pid: 29500;uid: 10532
04-07 15:58:30.987  3926  4068 D AppSenseClient: notifyAppChanges: [{pkgName:com.ivarna.truvalt,activityName:com.ivarna.truvalt.presentation.MainActivity,winMode:1,event:COMMON,type:0,subEvent:0,pid:29500,uid:10532}, {pkgName:com.ivarna.mkm,activityName:com.ivarna.mkm,winMode:2,event:COMMON,type:0,subEvent:0,pid:21560,uid:10427}]
04-07 15:58:30.988  7256  7256 D AppSenseClient: handleSenseEvent appInfoUnits: {pkgName:com.ivarna.truvalt,activityName:com.ivarna.truvalt.presentation.MainActivity,winMode:1,event:COMMON,type:0,subEvent:0,pid:29500,uid:10532},{pkgName:com.ivarna.mkm,activityName:com.ivarna.mkm,winMode:2,event:COMMON,type:0,subEvent:0,pid:21560,uid:10427},
04-07 15:58:30.988  7256  7256 D AppSenseClient: notifyAppEvent: pkgName: com.ivarna.truvalt,activityName:com.ivarna.truvalt.presentation.MainActivity;state: 1;event: COMMON;type: 0;subEvent: 0;pid: 29500;uid: 10532
04-07 15:58:30.988  7256  7256 D AppSenseClient: notifyAppChanges: [{pkgName:com.ivarna.truvalt,activityName:com.ivarna.truvalt.presentation.MainActivity,winMode:1,event:COMMON,type:0,subEvent:0,pid:29500,uid:10532}, {pkgName:com.ivarna.mkm,activityName:com.ivarna.mkm,winMode:2,event:COMMON,type:0,subEvent:0,pid:21560,uid:10427}]
04-07 15:58:30.989  7378 10696 D AppSenseService: notifySenseEvent: {pkgName:com.ivarna.truvalt,activityName:com.ivarna.truvalt.presentation.MainActivity,winMode:1,event:COMMON,type:0,subEvent:0,pid:29500,uid:10532},{pkgName:com.ivarna.mkm,activityName:com.ivarna.mkm,winMode:2,event:COMMON,type:0,subEvent:0,pid:21560,uid:10427},
04-07 15:58:30.989  7242  7423 D AppSenseClient: handleSenseEvent appInfoUnits: {pkgName:com.ivarna.truvalt,activityName:com.ivarna.truvalt.presentation.MainActivity,winMode:1,event:COMMON,type:0,subEvent:0,pid:29500,uid:10532},{pkgName:com.ivarna.mkm,activityName:com.ivarna.mkm,winMode:2,event:COMMON,type:0,subEvent:0,pid:21560,uid:10427},
04-07 15:58:30.989  7242  7423 D AppSenseClient: notifyAppEvent: pkgName: com.ivarna.truvalt,activityName:com.ivarna.truvalt.presentation.MainActivity;state: 1;event: COMMON;type: 0;subEvent: 0;pid: 29500;uid: 10532
04-07 15:58:30.989  7242  7423 D AppSenseClient: notifyAppChanges: [{pkgName:com.ivarna.truvalt,activityName:com.ivarna.truvalt.presentation.MainActivity,winMode:1,event:COMMON,type:0,subEvent:0,pid:29500,uid:10532}, {pkgName:com.ivarna.mkm,activityName:com.ivarna.mkm,winMode:2,event:COMMON,type:0,subEvent:0,pid:21560,uid:10427}]
04-07 15:58:30.989  7242  7423 D NAS-DataSceneEvent: new event: event=0, state=1, pkg=com.ivarna.truvalt, type=0, subEvent=0
04-07 15:58:30.989  7173  7546 D AppSenseClient: handleSenseEvent appInfoUnits: {pkgName:com.ivarna.truvalt,activityName:com.ivarna.truvalt.presentation.MainActivity,winMode:1,event:COMMON,type:0,subEvent:0,pid:29500,uid:10532},{pkgName:com.ivarna.mkm,activityName:com.ivarna.mkm,winMode:2,event:COMMON,type:0,subEvent:0,pid:21560,uid:10427},
04-07 15:58:30.989  7242  7423 D NAS-DataSceneEvent: updateAppSenseChange [{pkgName:com.ivarna.truvalt,activityName:com.ivarna.truvalt.presentation.MainActivity,winMode:1,event:COMMON,type:0,subEvent:0,pid:29500,uid:10532}, {pkgName:com.ivarna.mkm,activityName:com.ivarna.mkm,winMode:2,event:COMMON,type:0,subEvent:0,pid:21560,uid:10427}]
04-07 15:58:30.990  7256  7256 D NhsAppSenseListener: new event: event=0, state=1, pkg=com.ivarna.truvalt, type=0, subEvent=0
04-07 15:58:30.990  7173  7546 D AppSenseClient: notifyAppEvent: pkgName: com.ivarna.truvalt,activityName:com.ivarna.truvalt.presentation.MainActivity;state: 1;event: COMMON;type: 0;subEvent: 0;pid: 29500;uid: 10532
04-07 15:58:30.990  7173  7546 D AppSenseClient: notifyAppChanges: [{pkgName:com.ivarna.truvalt,activityName:com.ivarna.truvalt.presentation.MainActivity,winMode:1,event:COMMON,type:0,subEvent:0,pid:29500,uid:10532}, {pkgName:com.ivarna.mkm,activityName:com.ivarna.mkm,winMode:2,event:COMMON,type:0,subEvent:0,pid:21560,uid:10427}]
04-07 15:58:30.992  7378 10654 D Subsys-ScoreAppManager: unit: {pkgName:com.ivarna.truvalt,activityName:,winMode:1,event:COMMON,type:0,subEvent:0,pid:29500,uid:10532}
04-07 15:58:31.196  7822 12326 W Battery : UadListener: onSceneStateChange, sceneId=19, type=7, windowinfos=[SceneListenerWindowInfo{mWindowMode=2, mPkgName=com.ivarna.mkm, mUid=10427, mPid=21560, mIsGame=false, mIsCamera=false, mIsMiniFloat=false, mIsFocused=false}, SceneListenerWindowInfo{mWindowMode=1, mPkgName=com.ivarna.truvalt, mUid=10532, mPid=29500, mIsGame=false, mIsCamera=false, mIsMiniFloat=false, mIsFocused=true}]
04-07 15:58:31.492  7242  7712 D UlPriorityPolicyForeground: match: config has not com.ivarna.truvalt
04-07 15:58:31.722 29500 29523 D OplusScrollToTopManager: com.ivarna.truvalt/com.ivarna.truvalt.presentation.MainActivity,This com.android.internal.policy.DecorView{bd4fd85 V.E...... R....... 0,0-1264,2780 aid=0 alpha=1.0 viewInfo = }[MainActivity] change focus to true